// Jest Snapshot v1, https://goo.gl/fbAQLP

exports[`Button Primary play-test 1`] = `
<button variant="primary"
        class="Button__ButtonStyled-sc-4dd5c220-0 eZeqKy"
>
  Primary
</button>
`;

exports[`Button Secondary smoke-test 1`] = `
<button variant="secondary"
        class="Button__ButtonStyled-sc-4dd5c220-0 xznk"
>
  Secondary
</button>
`;
